// Jest Snapshot v1, https://goo.gl/fbAQLP

exports[`<SecondaryHeadline /> should render correctly 1`] = `
.fgsRWY {
  font-family: Arial, Helvetica, sans-serif;
  font-size: 1.4rem;
  color: #444;
  line-height: 1.2;
  margin: 1.4rem 0;
}

<h2
  className="fgsRWY"
/>
`;
