// Jest Snapshot v1, https://goo.gl/fbAQLP

exports[`<CounterValue /> should render correctly 1`] = `
.fSvMUz {
  padding: 0 0.4rem;
  border-radius: 6px;
  display: block;
  min-width: 6rem;
  height: 2.5rem;
  line-height: 2.5rem;
  background: #ff4326;
  font-family: 'OpenSans Bold', Arial, Helvetica, sans-serif;
  text-align: center;
  font-size: 1.8rem;
  color: #fff;
  cursor: default;
}

<span
  className="fSvMUz"
>
  10
</span>
`;
