// Jest Snapshot v1, https://goo.gl/fbAQLP

exports[`<HeaderCounter /> should render correctly 1`] = `
<Counter
  counter={10}
/>
`;
