// Jest Snapshot v1, https://goo.gl/fbAQLP

exports[`<ManageCounterPage /> should render correctly 1`] = `
<ContentWrapper>
  <Helmet>
    <title>
      Manage Counter
    </title>
  </Helmet>
  <MainHeadline>
    Manage Counter
  </MainHeadline>
  <MainParagraph>
    It's simple Redux counter example. Current counter value is held in Redux Store. Counter shown in header and on this page below are connected to Redux Store â€” value got updated instantly in both places. It also persists even if you move between pages.
  </MainParagraph>
  <ManageCounter />
  <HomeLink
    to="/"
  >
    Go back to main page
  </HomeLink>
</ContentWrapper>
`;
