// Jest Snapshot v1, https://goo.gl/fbAQLP

exports[`<MainParagraph /> should render correctly 1`] = `
.lmNQTu {
  font-family: 'OpenSans Light', Arial, Helvetica, sans-serif;
  font-size: 2.4rem;
  color: #444;
  line-height: 1.4;
  margin: 0.8rem 0;
}

<p
  className="sc-bdVaJa lmNQTu"
/>
`;
