// Jest Snapshot v1, https://goo.gl/fbAQLP

exports[`<Button /> should render correctly 1`] = `
.iSHzmE {
  background: rgba(40,40,40,0.05);
  border: none;
  font-family: 'OpenSans Bold', Arial, Helvetica, sans-serif;
  color: #ff4326;
  font-size: 1.4rem;
  -webkit-text-transform: uppercase;
  text-transform: uppercase;
  line-height: 3.4rem;
  padding: 0 4rem;
  cursor: pointer;
  border-radius: 6px;
  -webkit-transition: all 0.4s ease;
  transition: all 0.4s ease;
}

.iSHzmE:hover {
  background: rgba(40,40,40,0.1);
}

.iSHzmE:active {
  background: rgba(255,67,38,0.3);
}

.iSHzmE:disabled {
  color: rgba(40,40,40, 0.3);
  background: rgba(40,40,40,0.05);
  cursor: default;
}

<button
  className="sc-bdVaJa iSHzmE"
/>
`;
