// Jest Snapshot v1, https://goo.gl/fbAQLP

exports[`<CounterInfo /> should render correctly 1`] = `
.c0 {
  display: -webkit-box;
  display: -webkit-flex;
  display: -ms-flexbox;
  display: flex;
  -webkit-box-pack: space-between;
  -webkit-justify-content: space-between;
  -ms-flex-pack: space-between;
  justify-content: space-between;
}

<div
  className="c0"
/>
`;
