// Jest Snapshot v1, https://goo.gl/fbAQLP

exports[`<AppWrapper /> should render correctly 1`] = `
.c0 {
  display: inline-block;
  border-top: 1px solid #908e89;
  margin-top: 3rem;
}

<div
  className="c0"
/>
`;
