// Jest Snapshot v1, https://goo.gl/fbAQLP

exports[`<A /> should render correctly 1`] = `
.ifuQuG {
  color: #ff4326;
}

.ifuQuG:hover {
  text-decoration: underline;
}

<a
  className="ifuQuG"
/>
`;
