// Jest Snapshot v1, https://goo.gl/fbAQLP

exports[`<Banner /> should render correctly 1`] = `
.bEHrcd {
  position: fixed;
  display: -webkit-box;
  display: -moz-box;
  display: -ms-flexbox;
  display: -webkit-flex;
  display: flex;
  align-items: center;
  -webkit-box-align: center;
  -ms-flex-align: center;
  -webkit-align-items: center;
  justify-content: space-between;
  -webkit-box-pack: justify;
  -ms-flex-pack: justify;
  -webkit-justify-content: space-between;
  padding: 0 6.4rem;
  top: 0;
  left: 0;
  width: 100%;
  border-bottom: 1px solid #908e89;
  height: 6.4rem;
  box-shadow: 0 4px 4px -1px rgba(40,40,40,0.1);
  background: #fff;
}

<header
  className="bEHrcd"
/>
`;
