// Jest Snapshot v1, https://goo.gl/fbAQLP

exports[`<HomeLink /> should render correctly 1`] = `
.ioQfW {
  height: 4rem;
  border-right: 1px solid #908e89;
  display: inline-block;
  padding-top: 0.75rem;
  padding-right: 1.4rem;
  margin-right: 1.4rem;
}

<a
  className="ioQfW"
  href="/home"
  onClick={[Function]}
/>
`;
