// Jest Snapshot v1, https://goo.gl/fbAQLP

exports[`<LogoWrapper /> should render correctly 1`] = `
.c0 {
  display: -webkit-inline-box;
  display: -webkit-inline-flex;
  display: -ms-inline-flexbox;
  display: inline-flex;
  -webkit-align-items: center;
  -webkit-box-align: center;
  -ms-flex-align: center;
  align-items: center;
}

<header
  className="c0"
/>
`;
