// Jest Snapshot v1, https://goo.gl/fbAQLP

exports[`<ProjectTitle /> should render correctly 1`] = `
.c0 {
  font-family: 'OpenSans Light',Arial,Helvetica,sans-serif;
  color: #908e89;
  font-size: 1.4rem;
  text-transform: uppercase;
  cursor: default;
}

<p
  className="c0"
/>
`;
