// Jest Snapshot v1, https://goo.gl/fbAQLP

exports[`<AppWrapper /> should render correctly 1`] = `
.c0 {
  width: 30%;
}

@media (max-width:1000px) {
  .c0 {
    width: 46%;
  }
}

@media (max-width:700px) {
  .c0 {
    width: 100%;
  }
}

<div
  className="c0"
/>
`;
