// Jest Snapshot v1, https://goo.gl/fbAQLP

exports[`<AppWrapper /> should render correctly 1`] = `
.dPAACO {
  list-style: none;
  margin-left: 0;
  padding-left: 0;
}

<ul
  className="dPAACO"
/>
`;
